// Jest Snapshot v1, https://goo.gl/fbAQLP

exports[`CheckboxField should render correctly 1`] = `ShallowWrapper {}`;
